Reusing configuration cache.
> Task :composeApp:preBuild UP-TO-DATE
> Task :composeApp:convertXmlValueResourcesForAndroidMain NO-SOURCE
> Task :composeApp:generateComposeResClass UP-TO-DATE
> Task :composeApp:generateExpectResourceCollectorsForCommonMain UP-TO-DATE
> Task :composeApp:preDebugBuild UP-TO-DATE
> Task :composeApp:convertXmlValueResourcesForAndroidDebug NO-SOURCE
> Task :composeApp:kmpPartiallyResolvedDependenciesChecker
> Task :composeApp:copyNonXmlValueResourcesForAndroidMain NO-SOURCE
> Task :composeApp:checkKotlinGradlePluginConfigurationErrors SKIPPED
> Task :composeApp:convertXmlValueResourcesForCommonMain NO-SOURCE
> Task :composeApp:copyNonXmlValueResourcesForAndroidDebug NO-SOURCE
> Task :composeApp:generateDebugResValues UP-TO-DATE
> Task :composeApp:createDebugCompatibleScreenManifests UP-TO-DATE
> Task :composeApp:javaPreCompileDebug UP-TO-DATE
> Task :composeApp:prepareComposeResourcesTaskForAndroidMain NO-SOURCE
> Task :composeApp:prepareComposeResourcesTaskForAndroidDebug NO-SOURCE
> Task :composeApp:copyNonXmlValueResourcesForCommonMain UP-TO-DATE
> Task :composeApp:extractDeepLinksDebug UP-TO-DATE
> Task :composeApp:generateDebugResources UP-TO-DATE
> Task :composeApp:generateResourceAccessorsForAndroidMain NO-SOURCE
> Task :composeApp:processDebugNavigationResources UP-TO-DATE
> Task :composeApp:generateResourceAccessorsForAndroidDebug NO-SOURCE
> Task :composeApp:checkDebugAarMetadata UP-TO-DATE
> Task :composeApp:packageDebugResources UP-TO-DATE
> Task :composeApp:compileDebugNavigationResources UP-TO-DATE
> Task :composeApp:parseDebugLocalResources UP-TO-DATE
> Task :composeApp:prepareComposeResourcesTaskForCommonMain UP-TO-DATE
> Task :composeApp:generateResourceAccessorsForCommonMain UP-TO-DATE
> Task :composeApp:mapDebugSourceSetPaths UP-TO-DATE
> Task :composeApp:copyDebugComposeResourcesToAndroidAssets UP-TO-DATE
> Task :composeApp:mergeDebugResources UP-TO-DATE
> Task :composeApp:generateActualResourceCollectorsForAndroidMain UP-TO-DATE
> Task :composeApp:processDebugMainManifest UP-TO-DATE
> Task :composeApp:processDebugManifest UP-TO-DATE
> Task :composeApp:processDebugManifestForPackage UP-TO-DATE
> Task :composeApp:processDebugResources FAILED
./gradlew : 
At line:1 char:1
+ ./gradlew 
compileDebugSources 
--stacktrace > 
build_error.log 2>&1
+ ~~~~~~~~~~~~~~~~~~~
~~~~~~~~~~~~~~~~~~~~~
~~~~~~~~~~~~~~~~~~~~~
~~~~
    + CategoryInfo   
           : NotSpe  
  cified: (:String   
 ) [], RemoteExce    
ption
    + FullyQualified 
   ErrorId : Native  
  CommandError
 
FAILURE: Build 
failed with an 
exception.

* What went wrong:
Execution failed for 
task ':composeApp:pro
cessDebugResources'.
> 
java.io.IOException: 
Couldn't delete C:\Us
ers\User\Desktop\glyp
h-glance\composeApp\b
uild\intermediates\co
mpile_and_runtime_not
_namespaced_r_class_j
ar\debug\processDebug
Resources\R.jar

* Try:
> Run with --info or 
--debug option to 
get more log output.
> Run with --scan to 
get full insights.
> Get more help at ht
tps://help.gradle.org
.

* Exception is:
org.gradle.api.tasks.
TaskExecutionExceptio
n: Execution failed 
for task ':composeApp
:processDebugResource
s'.
	at org.gradle.api.in
ternal.tasks.executio
n.CatchExceptionTaskE
xecuter.execute(Catch
ExceptionTaskExecuter
.java:38)
	at org.gradle.api.in
ternal.tasks.executio
n.EventFiringTaskExec
uter$1.executeTask(Ev
entFiringTaskExecuter
.java:77)
	at org.gradle.api.in
ternal.tasks.executio
n.EventFiringTaskExec
uter$1.call(EventFiri
ngTaskExecuter.java:5
5)
	at org.gradle.api.in
ternal.tasks.executio
n.EventFiringTaskExec
uter$1.call(EventFiri
ngTaskExecuter.java:5
2)
	at org.gradle.intern
al.operations.Default
BuildOperationRunner$
CallableBuildOperatio
nWorker.execute(Defau
ltBuildOperationRunne
r.java:210)
	at org.gradle.intern
al.operations.Default
BuildOperationRunner$
CallableBuildOperatio
nWorker.execute(Defau
ltBuildOperationRunne
r.java:205)
	at org.gradle.intern
al.operations.Default
BuildOperationRunner$
2.execute(DefaultBuil
dOperationRunner.java
:67)
	at org.gradle.intern
al.operations.Default
BuildOperationRunner$
2.execute(DefaultBuil
dOperationRunner.java
:60)
	at org.gradle.intern
al.operations.Default
BuildOperationRunner.
execute(DefaultBuildO
perationRunner.java:1
67)
	at org.gradle.intern
al.operations.Default
BuildOperationRunner.
execute(DefaultBuildO
perationRunner.java:6
0)
	at org.gradle.intern
al.operations.Default
BuildOperationRunner.
call(DefaultBuildOper
ationRunner.java:54)
	at org.gradle.api.in
ternal.tasks.executio
n.EventFiringTaskExec
uter.execute(EventFir
ingTaskExecuter.java:
52)
	at org.gradle.execut
ion.plan.LocalTaskNod
eExecutor.execute(Loc
alTaskNodeExecutor.ja
va:42)
	at org.gradle.execut
ion.taskgraph.Default
TaskExecutionGraph$In
vokeNodeExecutorsActi
on.execute(DefaultTas
kExecutionGraph.java:
331)
	at org.gradle.execut
ion.taskgraph.Default
TaskExecutionGraph$In
vokeNodeExecutorsActi
on.execute(DefaultTas
kExecutionGraph.java:
318)
	at org.gradle.execut
ion.taskgraph.Default
TaskExecutionGraph$Bu
ildOperationAwareExec
utionAction.lambda$ex
ecute$0(DefaultTaskEx
ecutionGraph.java:314
)
	at org.gradle.intern
al.operations.Current
BuildOperationRef.wit
h(CurrentBuildOperati
onRef.java:85)
	at org.gradle.execut
ion.taskgraph.Default
TaskExecutionGraph$Bu
ildOperationAwareExec
utionAction.execute(D
efaultTaskExecutionGr
aph.java:314)
	at org.gradle.execut
ion.taskgraph.Default
TaskExecutionGraph$Bu
ildOperationAwareExec
utionAction.execute(D
efaultTaskExecutionGr
aph.java:303)
	at org.gradle.execut
ion.plan.DefaultPlanE
xecutor$ExecutorWorke
r.execute(DefaultPlan
Executor.java:459)
	at org.gradle.execut
ion.plan.DefaultPlanE
xecutor$ExecutorWorke
r.run(DefaultPlanExec
utor.java:376)
	at org.gradle.intern
al.concurrent.Executo
rPolicy$CatchAndRecor
dFailures.onExecute(E
xecutorPolicy.java:64
)
	at org.gradle.intern
al.concurrent.Abstrac
tManagedExecutor$1.ru
n(AbstractManagedExec
utor.java:48)
Caused by: java.io.Un
checkedIOException: 
java.io.IOException: 
Couldn't delete C:\Us
ers\User\Desktop\glyp
h-glance\composeApp\b
uild\intermediates\co
mpile_and_runtime_not
_namespaced_r_class_j
ar\debug\processDebug
Resources\R.jar
	at org.gradle.intern
al.execution.steps.Re
movePreviousOutputsSt
ep$2.visitOutputPrope
rty(RemovePreviousOut
putsStep.java:127)
	at org.gradle.api.in
ternal.tasks.executio
n.TaskExecution.visit
Outputs(TaskExecution
.java:344)
	at org.gradle.intern
al.execution.steps.Re
movePreviousOutputsSt
ep.cleanupExclusively
OwnedOutputs(RemovePr
eviousOutputsStep.jav
a:110)
	at org.gradle.intern
al.execution.steps.Re
movePreviousOutputsSt
ep.execute(RemovePrev
iousOutputsStep.java:
63)
	at org.gradle.intern
al.execution.steps.Re
movePreviousOutputsSt
ep.execute(RemovePrev
iousOutputsStep.java:
37)
	at org.gradle.intern
al.execution.steps.Br
oadcastChangingOutput
sStep.execute(Broadca
stChangingOutputsStep
.java:61)
	at org.gradle.intern
al.execution.steps.Br
oadcastChangingOutput
sStep.execute(Broadca
stChangingOutputsStep
.java:26)
	at org.gradle.intern
al.execution.steps.Ca
ptureOutputsAfterExec
utionStep.execute(Cap
tureOutputsAfterExecu
tionStep.java:69)
	at org.gradle.intern
al.execution.steps.Ca
ptureOutputsAfterExec
utionStep.execute(Cap
tureOutputsAfterExecu
tionStep.java:46)
	at org.gradle.intern
al.execution.steps.Re
solveInputChangesStep
.execute(ResolveInput
ChangesStep.java:40)
	at org.gradle.intern
al.execution.steps.Re
solveInputChangesStep
.execute(ResolveInput
ChangesStep.java:29)
	at org.gradle.intern
al.execution.steps.Bu
ildCacheStep.executeW
ithoutCache(BuildCach
eStep.java:189)
	at org.gradle.intern
al.execution.steps.Bu
ildCacheStep.executeA
ndStoreInCache(BuildC
acheStep.java:145)
	at org.gradle.intern
al.execution.steps.Bu
ildCacheStep.lambda$e
xecuteWithCache$4(Bui
ldCacheStep.java:101)
	at org.gradle.intern
al.execution.steps.Bu
ildCacheStep.lambda$e
xecuteWithCache$5(Bui
ldCacheStep.java:101)
	at org.gradle.intern
al.Try$Success.map(Tr
y.java:175)
	at org.gradle.intern
al.execution.steps.Bu
ildCacheStep.executeW
ithCache(BuildCacheSt
ep.java:85)
	at org.gradle.intern
al.execution.steps.Bu
ildCacheStep.lambda$e
xecute$0(BuildCacheSt
ep.java:74)
	at org.gradle.intern
al.Either$Left.fold(E
ither.java:115)
	at org.gradle.intern
al.execution.caching.
CachingState.fold(Cac
hingState.java:62)
	at org.gradle.intern
al.execution.steps.Bu
ildCacheStep.execute(
BuildCacheStep.java:7
3)
	at org.gradle.intern
al.execution.steps.Bu
ildCacheStep.execute(
BuildCacheStep.java:4
8)
	at org.gradle.intern
al.execution.steps.St
oreExecutionStateStep
.execute(StoreExecuti
onStateStep.java:46)
	at org.gradle.intern
al.execution.steps.St
oreExecutionStateStep
.execute(StoreExecuti
onStateStep.java:35)
	at org.gradle.intern
al.execution.steps.Sk
ipUpToDateStep.execut
eBecause(SkipUpToDate
Step.java:75)
	at org.gradle.intern
al.execution.steps.Sk
ipUpToDateStep.lambda
$execute$2(SkipUpToDa
teStep.java:53)
	at org.gradle.intern
al.execution.steps.Sk
ipUpToDateStep.execut
e(SkipUpToDateStep.ja
va:53)
	at org.gradle.intern
al.execution.steps.Sk
ipUpToDateStep.execut
e(SkipUpToDateStep.ja
va:35)
	at org.gradle.intern
al.execution.steps.le
gacy.MarkSnapshotting
InputsFinishedStep.ex
ecute(MarkSnapshottin
gInputsFinishedStep.j
ava:37)
	at org.gradle.intern
al.execution.steps.le
gacy.MarkSnapshotting
InputsFinishedStep.ex
ecute(MarkSnapshottin
gInputsFinishedStep.j
ava:27)
	at org.gradle.intern
al.execution.steps.Re
solveIncrementalCachi
ngStateStep.executeDe
legate(ResolveIncreme
ntalCachingStateStep.
java:49)
	at org.gradle.intern
al.execution.steps.Re
solveIncrementalCachi
ngStateStep.executeDe
legate(ResolveIncreme
ntalCachingStateStep.
java:27)
	at org.gradle.intern
al.execution.steps.Ab
stractResolveCachingS
tateStep.execute(Abst
ractResolveCachingSta
teStep.java:71)
	at org.gradle.intern
al.execution.steps.Ab
stractResolveCachingS
tateStep.execute(Abst
ractResolveCachingSta
teStep.java:39)
	at org.gradle.intern
al.execution.steps.Re
solveChangesStep.exec
ute(ResolveChangesSte
p.java:65)
	at org.gradle.intern
al.execution.steps.Re
solveChangesStep.exec
ute(ResolveChangesSte
p.java:36)
	at org.gradle.intern
al.execution.steps.Va
lidateStep.execute(Va
lidateStep.java:107)
	at org.gradle.intern
al.execution.steps.Va
lidateStep.execute(Va
lidateStep.java:56)
	at org.gradle.intern
al.execution.steps.Ab
stractCaptureStateBef
oreExecutionStep.exec
ute(AbstractCaptureSt
ateBeforeExecutionSte
p.java:64)
	at org.gradle.intern
al.execution.steps.Ab
stractCaptureStateBef
oreExecutionStep.exec
ute(AbstractCaptureSt
ateBeforeExecutionSte
p.java:43)
	at org.gradle.intern
al.execution.steps.Ab
stractSkipEmptyWorkSt
ep.executeWithNonEmpt
ySources(AbstractSkip
EmptyWorkStep.java:12
5)
	at org.gradle.intern
al.execution.steps.Ab
stractSkipEmptyWorkSt
ep.execute(AbstractSk
ipEmptyWorkStep.java:
56)
	at org.gradle.intern
al.execution.steps.Ab
stractSkipEmptyWorkSt
ep.execute(AbstractSk
ipEmptyWorkStep.java:
36)
	at org.gradle.intern
al.execution.steps.le
gacy.MarkSnapshotting
InputsStartedStep.exe
cute(MarkSnapshotting
InputsStartedStep.jav
a:38)
	at org.gradle.intern
al.execution.steps.Lo
adPreviousExecutionSt
ateStep.execute(LoadP
reviousExecutionState
Step.java:36)
	at org.gradle.intern
al.execution.steps.Lo
adPreviousExecutionSt
ateStep.execute(LoadP
reviousExecutionState
Step.java:23)
	at org.gradle.intern
al.execution.steps.Ha
ndleStaleOutputsStep.
execute(HandleStaleOu
tputsStep.java:75)
	at org.gradle.intern
al.execution.steps.Ha
ndleStaleOutputsStep.
execute(HandleStaleOu
tputsStep.java:41)
	at org.gradle.intern
al.execution.steps.As
signMutableWorkspaceS
tep.lambda$execute$0(
AssignMutableWorkspac
eStep.java:35)
	at org.gradle.api.in
ternal.tasks.executio
n.TaskExecution$4.wit
hWorkspace(TaskExecut
ion.java:289)
	at org.gradle.intern
al.execution.steps.As
signMutableWorkspaceS
tep.execute(AssignMut
ableWorkspaceStep.jav
a:31)
	at org.gradle.intern
al.execution.steps.As
signMutableWorkspaceS
tep.execute(AssignMut
ableWorkspaceStep.jav
a:22)
	at org.gradle.intern
al.execution.steps.Ch
oosePipelineStep.exec
ute(ChoosePipelineSte
p.java:40)
	at org.gradle.intern
al.execution.steps.Ch
oosePipelineStep.exec
ute(ChoosePipelineSte
p.java:23)
	at org.gradle.intern
al.execution.steps.Ex
ecuteWorkBuildOperati
onFiringStep.lambda$e
xecute$2(ExecuteWorkB
uildOperationFiringSt
ep.java:67)
	at org.gradle.intern
al.execution.steps.Ex
ecuteWorkBuildOperati
onFiringStep.execute(
ExecuteWorkBuildOpera
tionFiringStep.java:6
7)
	at org.gradle.intern
al.execution.steps.Ex
ecuteWorkBuildOperati
onFiringStep.execute(
ExecuteWorkBuildOpera
tionFiringStep.java:3
9)
	at org.gradle.intern
al.execution.steps.Id
entityCacheStep.execu
te(IdentityCacheStep.
java:46)
	at org.gradle.intern
al.execution.steps.Id
entityCacheStep.execu
te(IdentityCacheStep.
java:34)
	at org.gradle.intern
al.execution.steps.Id
entifyStep.execute(Id
entifyStep.java:48)
	at org.gradle.intern
al.execution.steps.Id
entifyStep.execute(Id
entifyStep.java:35)
	at org.gradle.intern
al.execution.impl.Def
aultExecutionEngine$1
.execute(DefaultExecu
tionEngine.java:64)
	at org.gradle.api.in
ternal.tasks.executio
n.ExecuteActionsTaskE
xecuter.executeIfVali
d(ExecuteActionsTaskE
xecuter.java:127)
	at org.gradle.api.in
ternal.tasks.executio
n.ExecuteActionsTaskE
xecuter.execute(Execu
teActionsTaskExecuter
.java:116)
	at org.gradle.api.in
ternal.tasks.executio
n.ProblemsTaskPathTra
ckingTaskExecuter.exe
cute(ProblemsTaskPath
TrackingTaskExecuter.
java:41)
	at org.gradle.api.in
ternal.tasks.executio
n.FinalizePropertiesT
askExecuter.execute(F
inalizePropertiesTask
Executer.java:46)
	at org.gradle.api.in
ternal.tasks.executio
n.ResolveTaskExecutio
nModeExecuter.execute
(ResolveTaskExecution
ModeExecuter.java:51)
	at org.gradle.api.in
ternal.tasks.executio
n.SkipTaskWithNoActio
nsExecuter.execute(Sk
ipTaskWithNoActionsEx
ecuter.java:57)
	at org.gradle.api.in
ternal.tasks.executio
n.SkipOnlyIfTaskExecu
ter.execute(SkipOnlyI
fTaskExecuter.java:74
)
	at org.gradle.api.in
ternal.tasks.executio
n.CatchExceptionTaskE
xecuter.execute(Catch
ExceptionTaskExecuter
.java:36)
	at org.gradle.api.in
ternal.tasks.executio
n.EventFiringTaskExec
uter$1.executeTask(Ev
entFiringTaskExecuter
.java:77)
	at org.gradle.api.in
ternal.tasks.executio
n.EventFiringTaskExec
uter$1.call(EventFiri
ngTaskExecuter.java:5
5)
	at org.gradle.api.in
ternal.tasks.executio
n.EventFiringTaskExec
uter$1.call(EventFiri
ngTaskExecuter.java:5
2)
	at org.gradle.intern
al.operations.Default
BuildOperationRunner$
CallableBuildOperatio
nWorker.execute(Defau
ltBuildOperationRunne
r.java:210)
	at org.gradle.intern
al.operations.Default
BuildOperationRunner$
CallableBuildOperatio
nWorker.execute(Defau
ltBuildOperationRunne
r.java:205)
	at org.gradle.intern
al.operations.Default
BuildOperationRunner$
2.execute(DefaultBuil
dOperationRunner.java
:67)
	at org.gradle.intern
al.operations.Default
BuildOperationRunner$
2.execute(DefaultBuil
dOperationRunner.java
:60)
	at org.gradle.intern
al.operations.Default
BuildOperationRunner.
execute(DefaultBuildO
perationRunner.java:1
67)
	at org.gradle.intern
al.operations.Default
BuildOperationRunner.
execute(DefaultBuildO
perationRunner.java:6
0)
	at org.gradle.intern
al.operations.Default
BuildOperationRunner.
call(DefaultBuildOper
ationRunner.java:54)
	at org.gradle.api.in
ternal.tasks.executio
n.EventFiringTaskExec
uter.execute(EventFir
ingTaskExecuter.java:
52)
	at org.gradle.execut
ion.plan.LocalTaskNod
eExecutor.execute(Loc
alTaskNodeExecutor.ja
va:42)
	at org.gradle.execut
ion.taskgraph.Default
TaskExecutionGraph$In
vokeNodeExecutorsActi
on.execute(DefaultTas
kExecutionGraph.java:
331)
	at org.gradle.execut
ion.taskgraph.Default
TaskExecutionGraph$In
vokeNodeExecutorsActi
on.execute(DefaultTas
kExecutionGraph.java:
318)
	at org.gradle.execut
ion.taskgraph.Default
TaskExecutionGraph$Bu
ildOperationAwareExec
utionAction.lambda$ex
ecute$0(DefaultTaskEx
ecutionGraph.java:314
)
	at org.gradle.intern
al.operations.Current
BuildOperationRef.wit
h(CurrentBuildOperati
onRef.java:85)
	at org.gradle.execut
ion.taskgraph.Default
TaskExecutionGraph$Bu
ildOperationAwareExec
utionAction.execute(D
efaultTaskExecutionGr
aph.java:314)
	at org.gradle.execut
ion.taskgraph.Default
TaskExecutionGraph$Bu
ildOperationAwareExec
utionAction.execute(D
efaultTaskExecutionGr
aph.java:303)
	at org.gradle.execut
ion.plan.DefaultPlanE
xecutor$ExecutorWorke
r.execute(DefaultPlan
Executor.java:459)
	at org.gradle.execut
ion.plan.DefaultPlanE
xecutor$ExecutorWorke
r.run(DefaultPlanExec
utor.java:376)
	at org.gradle.intern
al.concurrent.Executo
rPolicy$CatchAndRecor
dFailures.onExecute(E
xecutorPolicy.java:64
)
	at org.gradle.intern
al.concurrent.Abstrac
tManagedExecutor$1.ru
n(AbstractManagedExec
utor.java:48)
24 actionable tasks: 2 executed, 22 up-to-date
Configuration cache entry reused.
Caused by: 
java.io.IOException: 
Couldn't delete C:\Us
ers\User\Desktop\glyp
h-glance\composeApp\b
uild\intermediates\co
mpile_and_runtime_not
_namespaced_r_class_j
ar\debug\processDebug
Resources\R.jar
	at org.gradle.intern
al.file.impl.DefaultD
eleter.tryHardToDelet
eOrThrow(DefaultDelet
er.java:162)
	at org.gradle.intern
al.file.impl.DefaultD
eleter.delete(Default
Deleter.java:107)
	at org.gradle.intern
al.execution.steps.Re
movePreviousOutputsSt
ep$2.visitOutputPrope
rty(RemovePreviousOut
putsStep.java:118)
	... 91 more
Caused by: java.nio.f
ile.FileSystemExcepti
on: C:\Users\User\Des
ktop\glyph-glance\com
poseApp\build\interme
diates\compile_and_ru
ntime_not_namespaced_
r_class_jar\debug\pro
cessDebugResources\R.
jar: The process 
cannot access the 
file because it is 
being used by 
another process
	at org.gradle.intern
al.file.impl.DefaultD
eleter.deleteFile(Def
aultDeleter.java:198)
	at org.gradle.intern
al.file.impl.DefaultD
eleter.tryHardToDelet
e(DefaultDeleter.java
:186)
	at org.gradle.intern
al.file.impl.DefaultD
eleter.tryHardToDelet
eOrThrow(DefaultDelet
er.java:160)
	... 93 more


BUILD FAILED in 2s
